V3 7
FL /home/ise/tutorias_DSD/contador_practica_1/contador.vhd 2025/01/16.08:11:52 P.20131013
EN work/contador 0 FL /home/ise/tutorias_DSD/contador_practica_1/contador.vhd \
      PB ieee/std_logic_1164 1381692176
AR work/contador/Behavioral -1 \
      FL /home/ise/tutorias_DSD/contador_practica_1/contador.vhd EN work/contador 0 \
      EN work/ff_t 1737015299 CP work/
FL /home/ise/tutorias_DSD/contador_practica_1/ff_t.vhd 2025/01/15.16:19:20 P.20131013
EN work/ff_t 1737015299 FL /home/ise/tutorias_DSD/contador_practica_1/ff_t.vhd \
      PB ieee/std_logic_1164 1381692176
AR work/ff_t/Behavioral 1737015300 \
      FL /home/ise/tutorias_DSD/contador_practica_1/ff_t.vhd EN work/ff_t 1737015299
